// Jest Snapshot v1, https://goo.gl/fbAQLP

exports[`DataProcessingUtils processEntityData should process formData 1`] = `
Object {
  "00000000-0000-0000-0000-000000000003": Array [
    Object {
      "00000000-0000-0000-0000-000000000007": Array [
        "Open",
      ],
      "00000000-0000-0000-0000-000000000009": Array [
        0,
      ],
      "00000000-0000-0000-0000-000000000010": Array [
        123,
      ],
      "00000000-0000-0000-0000-000000000011": Array [
        "Push",
        "Email",
      ],
    },
    Object {
      "00000000-0000-0000-0000-000000000007": Array [
        "Lattice",
      ],
      "00000000-0000-0000-0000-000000000009": Array [
        1,
      ],
      "00000000-0000-0000-0000-000000000010": Array [
        456,
      ],
      "00000000-0000-0000-0000-000000000011": Array [
        "None",
      ],
    },
  ],
}
`;
